[wasatchforge.com/index.html]
[backblue.gif]
[fade.gif]
[index.html]
[wasatchforge.com/apple-touch-icon.png]
[wasatchforge.com/favicon-32x32.png]
[wasatchforge.com/favicon-16x16.png]
[wasatchforge.com/_nuxt/3cc029c67e2cfacc0f05.js]
[wasatchforge.com/_nuxt/d2aa86f4bec59706ae44.js]
[wasatchforge.com/_nuxt/87c5d99e621b41f5a441.js]
[wasatchforge.com/_nuxt/349ba3e179cddb234b9f.js]
[wasatchforge.com/book-lessons/index.html]
[wasatchforge.com/_nuxt/img/4fd828b.jpg]
[wasatchforge.com/_nuxt/videos/765a40c.mp4]
[wasatchforge.com/index.html]
[wasatchforge.com/favicon.ico]
[wasatchforge.com/site.html]
[wasatchforge.com/shop/index.html]
[wasatchforge.com/history/index.html]
[wasatchforge.com/blacksmiths/index.html]
[wasatchforge.com/_nuxt/aa3c55635ed4d1435db0.js]
[wasatchforge.com/store/index.html]
[wasatchforge.com/_nuxt/img/f646add.jpg]
[wasatchforge.com/contact/index.html]
[wasatchforge.com/book-lessons/index.html]
[wasatchforge.com/_nuxt/f246f0ab40a31894edab.js]
[wasatchforge.com/_nuxt/img/461f498.jpg]
[wasatchforge.com/_nuxt/img/e370e0d.jpg]
[wasatchforge.com/_nuxt/img/be74b0f.jpg]
[wasatchforge.com/shop/index.html]
[wasatchforge.com/_nuxt/34f771506996321bd42e.js]
[wasatchforge.com/_nuxt/img/6332a65.jpg]
[wasatchforge.com/_nuxt/img/1e57bcc.jpg]
[wasatchforge.com/_nuxt/img/c530149.jpg]
[wasatchforge.com/_nuxt/img/943deee.jpg]
[wasatchforge.com/_nuxt/img/b5a6821.jpg]
[wasatchforge.com/blacksmiths/index.html]
[wasatchforge.com/_nuxt/d291a7894224fef0661b.js]
[wasatchforge.com/_nuxt/img/2b9269b.jpg]
[wasatchforge.com/_nuxt/img/030a935.jpg]
[wasatchforge.com/history/index.html]
[wasatchforge.com/_nuxt/ef6d23b357583baa4f86.js]
[wasatchforge.com/_nuxt/img/0c6d828.jpg]
[wasatchforge.com/store/index.html]
[app.ecwid.com/script3a29.js]
[wasatchforge.com/_nuxt/9c91c51698ac0551c8b1.js]
[wasatchforge.com/_nuxt/img/d9446a7.jpg]
[wasatchforge.com/contact/index.html]
[wasatchforge.com/products.html]
[d3gxy7nm8y4yjr.cloudfront.net/js/embed.js]
